// Jest Snapshot v1, https://goo.gl/fbAQLP

exports[`Footer render all components 1`] = `
<div>
  <footer
    class="footer"
  >
    <div
      class="container"
    >
      <ul
        class="footer-links"
      >
        <li
          class="footer-links__item"
        >
          <a
            class="footer-links__link"
            href="https://www.linkedin.com/in/juanignaciogonzalez"
            rel="noreferrer"
            target="_blank"
          >
            [ 
            Linkedin
             ]
          </a>
        </li>
        <li
          class="footer-links__item"
        >
          <a
            class="footer-links__link"
            href="https://github.com/juannadin"
            rel="noreferrer"
            target="_blank"
          >
            [ 
            Github
             ]
          </a>
        </li>
      </ul>
    </div>
  </footer>
</div>
`;
